// Bun Snapshot v1, https://bun.sh/docs/test/snapshots

exports[`2 runs, 1 job, pending/superseded and all four token roles render the shared dark panel snapshot 1`] = `
"<!doctype html><html lang="zh-CN"><meta charset="utf-8"><meta name="viewport" content="width=device-width,initial-scale=1"><title>superagent</title><style>
/* Colors from packages/web/src/experiments/console/theme.css. */
:root{color-scheme:dark;--surface:oklch(0.175 0.007 265);--surface-elevated:oklch(0.205 0.009 265);--border:oklch(0.275 0.012 265);--text-primary:oklch(0.975 0.004 265);--text-secondary:oklch(0.745 0.014 265);--brand-teal:oklch(0.755 0.165 168)}
body{background:var(--surface);color:var(--text-primary);font:15px system-ui;margin:24px auto;padding:0 20px;max-width:1200px}a{color:var(--brand-teal)}header{display:flex;justify-content:space-between;gap:16px;flex-wrap:wrap}h1{font-size:20px}h2{font-size:17px}section{margin-top:24px;overflow:auto}table{width:100%;border-collapse:collapse;background:var(--surface-elevated)}td,th{text-align:left;padding:10px;border-bottom:1px solid var(--border)}p,small{color:var(--text-secondary)}#tokens td:not(:first-child){font-variant-numeric:tabular-nums;text-align:right}li{margin:12px 0}
</style><body><header id="metrics"><h1>superagent · 跑 2 · 等你 1 · 今日 0/1</h1><p>更新 12:00 · <a href="/console">Archon 控制台</a></p></header>
<section id="needs"><h2>需要你</h2><p>在 Mac 提醒 SUPERAGENT 列表回答：勾选=是、删除=否</p><ul><li>demo · 预算已用尽 是=放宽预算再跑 否=终止 · 已等待 5m00s</li></ul></section>
<section id="tokens"><h2>今日 token</h2><table><thead><tr><th>角色</th><th>合计</th><th>astra</th><th>opus5</th><th>sol6.1</th></tr></thead><tbody><tr><td>将军</td><td>4.0K</td><td>0</td><td>0</td><td>4.0K</td></tr><tr><td>军师</td><td>3.0K</td><td>3.0K</td><td>0</td><td>0</td></tr><tr><td>元帅</td><td>2.0K</td><td>0</td><td>2.0K</td><td>0</td></tr><tr><td>未归属</td><td>1.0K</td><td>1.0K</td><td>0</td><td>0</td></tr></tbody></table><p>仅本机日志。未归属：没有 superagent 派发证据的交互终端会话；证据不足的会话也保留在此，不猜角色。</p></section>
<section id="runs"><h2>今日 run</h2><table><thead><tr><th>项目</th><th>任务</th><th>run</th><th>角色·模型</th><th>token</th><th>用时</th><th>状态</th></tr></thead><tbody><tr><td>demo</td><td>&lt;script&gt;任务&lt;/script&gt;</td><td><a href="/console/r/archon-b">b</a></td><td>军师·astra</td><td>—</td><td>1h00m</td><td>进行中</td></tr><tr><td>demo</td><td>完成任务</td><td><a href="/console/r/archon-a">a</a></td><td>将军·sol6.1</td><td>10.0K</td><td>1h59m</td><td>完成</td></tr></tbody></table></section><script>setInterval(()=>location.reload(),15000)</script></body></html>"
`;
